---
source: zellij-server/src/./unit/screen_tests.rs
assertion_line: 2713
expression: "format!(\"{:#?}\", log_tab_names_action)"
---
Some(
    Log(
        [
            "1",
            "2",
        ],
        10,
    ),
)
