---
source: zellij-server/src/plugins/./unit/plugin_tests.rs
assertion_line: 2496
expression: "format!(\"{:#?}\", new_tab_event)"
---
Some(
    StartOrReloadPluginPane(
        File(
            "/path/to/my/plugin.wasm",
        ),
        None,
    ),
)
